// Jest Snapshot v1, https://goo.gl/fbAQLP

exports[`renders a matching snapshot 1`] = `
<div
  className="container py6 "
>
  <div
    className="my4 "
  >
    <section
      className=""
    >
      <h4
        className="title4 tc my2"
      >
        Board of Advisors
      </h4>
      <p>
        The Board of Advisors is a group of volunteers (working professionals with 5+ years or more of experience) with knowledge of and interest in the APIDA Community. Advisors have prior experience working with or advising a student organization, and have a strong understanding of the Midwest APIDA experience. The board serves as a resource to advise the Directors Council (DC) and Executive Director (ED).
      </p>
      <p>
        For more information, please view our
         
        <a
          className="c-text-main tdu hov-c-primary-main "
          href="
https://firebasestorage.googleapis.com/v0/b/maasu-master.appspot.com/o/BoardMembers%2F20-21%2Fapp-boa.pdf?alt=media&token=a2d3751c-cab6-4bb3-8e73-0dbae5c0c782
"
          rel="noreferrer noopener"
          target="_blank"
        >
          application form.
        </a>
      </p>
      <p>
        Thank you for your interest in being a volunteer for the MAASU Board of Advisors! If you have any questions, comments, or concerns, please contact the Executive Director at 
        <a
          className="c-text-main tdu hov-c-primary-main "
          href="mailto:execdirector@maasu.org"
          rel="noreferrer noopener"
          target="_blank"
        >
          execdirector@maasu.org
        </a>
        .
      </p>
    </section>
  </div>
</div>
`;
